Checkpoint 30 authorized repeat — 2026-10-06 Europe/Moscow
Verified SHA: a3dec1e19102367a930bd7a70752f758b1246183
Fresh local clone, --no-hardlinks; no reused node_modules
Node v22.23.3; npm 11.16.0
Command:
  npm exec --yes --package=node@22.23.3 --package=npm@11.16.0 -- sh -c 'node --version && npm --version && npm ci && npm run verify && npm run test:functional'
Owned temporary caffeinate assertion lasted only for this command.

npm ci: exit0; added284 packages; audited285; 0 vulnerabilities
npm run typecheck: exit0
npm run lint:architecture: exit0, Architecture boundaries: OK
npm test: 48 files passed, 554 tests passed, duration85.52s
npm run build: exit0
npm run test:functional: 30 files passed, 303 tests passed, duration74.71s
Combined command exit0
Fresh clone HEAD remained a3dec1e; tracked working tree clean before/after

Gitleaks8.30.1, default rules, no baseline, no config overrides, ignore allow-comments:
  git --log-opts='a3dec1e19102367a930bd7a70752f758b1246183 --full-history --root'
  71 commit diffs scanned, 72 commits reachable; findings0; exit0
  dir on git archive of same SHA: findings0; exit0
Env hygiene: .env/.env.local/.env.production ignored; .env.example tracked/not ignored
No echo-secretary source imports; cumulative git diff --check PASS

First attempt on62a6565: 553/554; only schema allowlist lacked incident_closed_at.
After focused fixture fix4/4, executor requested authorization and ran exactly one
approved repeat. No third full gate and no new reviewer. One cumulative reviewer
confirmed all3 findings addressed in a34f9ff; the repeat gate validates the final
code including the schema-fixture repair.

User-authorized publication flow: update/commit documentation, secret-scan that
final HEAD, push current branch without force, independently compare git ls-remote
with local SHA. Publication SHA and actual scan/push results are recorded afterward
in the final response/local evidence; they are not preclaimed by this log.
Stop before iteration31.
