Code commit: 48b21711743b3ae9ef7a833952390a9e5c4d38f8
Reviewed tree: a4dbb66c1be8407e0c5f043009956182e3cb984d
Fresh clone: /var/folders/yh/dnx27555211bldzc7hgzltqh0000gn/T/echo-max-checkpoint-10-i05sgzg4/checkout
Cloning into '/var/folders/yh/dnx27555211bldzc7hgzltqh0000gn/T/echo-max-checkpoint-10-i05sgzg4/checkout'...
done.
Command: ['npm', 'exec', '--yes', '--package=node@22.23.3', '--package=npm@11.16.0', '--', 'sh', '-c', 'node --version && npm --version && npm ci && npm run verify && npm run test:functional']
v22.23.3
11.16.0
npm warn deprecated glob@10.5.0: Old versions of glob are not supported, and contain widely publicized security vulnerabilities, which have been fixed in the current version. Please update. Support for old versions may be purchased (at exorbitant rates) by contacting i@izs.me

added 236 packages, and audited 237 packages in 5s

42 packages are looking for funding
  run `npm fund` for details

found 0 vulnerabilities
npm warn allow-scripts 4 packages have install scripts not yet covered by allowScripts:
npm warn allow-scripts   cpu-features@0.0.10 (install: node buildcheck.js > buildcheck.gypi && node-gyp rebuild)
npm warn allow-scripts   fsevents@2.3.3 (install: (install scripts present))
npm warn allow-scripts   protobufjs@7.6.6 (postinstall: node scripts/postinstall)
npm warn allow-scripts   ssh2@1.17.0 (install: node install.js)
npm warn allow-scripts
npm warn allow-scripts Run `npm approve-scripts --allow-scripts-pending` to review, or `npm approve-scripts <pkg>` to allow.

> echo-max-assistant@0.1.0 verify
> npm run typecheck && npm run lint:architecture && npm test && npm run build


> echo-max-assistant@0.1.0 typecheck
> tsc --noEmit


> echo-max-assistant@0.1.0 lint:architecture
> node scripts/check-architecture.mjs

Architecture boundaries: OK

> echo-max-assistant@0.1.0 test
> vitest run


 RUN  v4.1.11 /private/var/folders/yh/dnx27555211bldzc7hgzltqh0000gn/T/echo-max-checkpoint-10-i05sgzg4/checkout


 Test Files  11 passed (11)
      Tests  100 passed (100)
   Start at  20:19:52
   Duration  10.64s (transform 684ms, setup 0ms, import 8.04s, tests 50.98s, environment 1ms)


> echo-max-assistant@0.1.0 build
> tsc -p tsconfig.json


> echo-max-assistant@0.1.0 test:functional
> vitest run --passWithNoTests tests/functional


 RUN  v4.1.11 /private/var/folders/yh/dnx27555211bldzc7hgzltqh0000gn/T/echo-max-checkpoint-10-i05sgzg4/checkout


 Test Files  6 passed (6)
      Tests  51 passed (51)
   Start at  20:20:04
   Duration  11.64s (transform 406ms, setup 0ms, import 4.66s, tests 56.56s, environment 1ms)


EXIT_CODE=0
GIT_STATUS=''
