Checkpoint35 — single authorized full gate, 2026-10-06 Europe/Moscow
Frozen code SHA: d818324d9cff43622d3d6093735b57bd51276b03
Fresh local clone (--no-local), no reused node_modules; Node22.23.3/npm11.16.0
Command: caffeinate -i sh .superpowers/checkpoint-35/gate.sh
npm ci PASS (284packages, audit0vulnerabilities)
typecheck PASS; architecture PASS
Default tests FAIL:53filesPASS/2FAIL;566testsPASS/3FAIL/1SKIP;131.92s
Failures:
 isolated-restore-drill.test.ts: missing backup manifest.json
 backup.test.mjs backup script: empty published artifact directory
 backup.test.mjs archive names: missing encrypted WAL file
All share one cause: main detection compared canonical import.meta.url (/private/tmp)
with symlink argv path (/tmp), so operational crypto CLI returned0 without executing.
Separate functional suite/final build/image/container smoke were NOT REACHED.
This is a failed full clean-clone verification, not a passing checkpoint.

Same-executor focused repair1300def03c73013c5fab5b115f82474ff3d84ae3:
 canonicalize argv with realpathSync in crypto and canary CLIs;
 require encrypted artifacts before backup/archive success;
 real symlink regressions2RED ->9targetedGREEN + typecheck/architecture;
 same independent reviewer scoped-confirmed repaired boundaries; no new reviewer.
Existing clone advanced to1300def:backup5/canary3 PASS; physical drill failed
because PostgreSQL accepts read-only hot-standby connections before promotion.
Test-only repair e351079fe117a04e5768ed8fdb4c6c28b1f27155 waits for
pg_is_in_recovery()=false; same-clone physical drill1PASS + static PASS,13.91s.
Acknowledged post-base marker recovered from authenticated encrypted archived WAL;
RPO0ms,RTO12680ms,no old runnable delivery. Clone tracked status clean afterward.
The focused repair checks do not replace the full gate.

No second full gate, full functional rerun, second clean clone or new reviewer ran.
Exactly one cumulative reviewer; subsequent confirmations scoped to corrections.
Repeat full checkpoint35 gate REQUIRES explicit user authorization.
Real MAX canary NOT RUN: dedicated test credentials, safe recipient confirmation
and reachable HTTPS webhook endpoint absent. Prepared preflight returns2 without
network calls. No bot/server created. No next-stage work begun.
Push withheld: successful-checkpoint condition is unmet. Independently queried
remote branch remains55977f317458cdd282bd522648d05c56dc410ac1.
Final documentation-only HEAD is scanned once with Gitleaks8.30.1 full reachable
history and tracked archive; actual scan/publication status is reported afterward.
